github-login: proton=2 protonWalk=2 protonGroup=2
stackoverflow-login: proton=2 protonWalk=0 protonGroup=0
reddit-login: proton=0 protonWalk=0 protonGroup=2
x-login: proton=2 protonWalk=2 protonGroup=2
amazon-login: proton=1 protonWalk=1 protonGroup=1
microsoft-login: proton=1 protonWalk=1 protonGroup=1
microsoft-login-step2: proton=1 protonWalk=1 protonGroup=1
yahoo-login: proton=1 protonWalk=1 protonGroup=1
google-login: proton=1 protonWalk=1 protonGroup=1
apple-login: proton=1 protonWalk=1 protonGroup=1
dropbox-login: proton=1 protonWalk=1 protonGroup=1
netflix-login: proton=1 protonWalk=1 protonGroup=1
spotify-login: proton=1 protonWalk=1 protonGroup=1
twitch-login: proton=2 protonWalk=2 protonGroup=2
slack-signin: proton=1 protonWalk=1 protonGroup=1
notion-login: proton=1 protonWalk=1 protonGroup=1
atlassian-login: proton=1 protonWalk=1 protonGroup=1
zoom-signin: proton=1 protonWalk=1 protonGroup=1
wikipedia-login: proton=2 protonWalk=2 protonGroup=2
pinterest-login: proton=2 protonWalk=2 protonGroup=2
booking-signin: proton=1 protonWalk=1 protonGroup=1
airbnb-login: proton=ERR no reply from content script protonWalk=1 protonGroup=1
steam-login: proton=2 protonWalk=2 protonGroup=2
epicgames-login: proton=1 protonWalk=1 protonGroup=1
digitalocean-login: proton=2 protonWalk=2 protonGroup=2
heroku-login: proton=2 protonWalk=2 protonGroup=2
cloudflare-login: proton=2 protonWalk=0 protonGroup=0
npm-login: proton=2 protonWalk=2 protonGroup=2
dockerhub-login: proton=1 protonWalk=1 protonGroup=1
figma-login: proton=2 protonWalk=2 protonGroup=2
trello-login: proton=1 protonWalk=1 protonGroup=1
hackernews-login: proton=4 protonWalk=4 protonGroup=4
yandex-passport: proton=1 protonWalk=1 protonGroup=1
vk-login: proton=0 protonWalk=0 protonGroup=0
mailru-login: proton=1 protonWalk=1 protonGroup=1
gosuslugi-login: proton=0 protonWalk=2 protonGroup=2
reddit-register: proton=0 protonWalk=0 protonGroup=0
wikipedia-signup: proton=4 protonWalk=4 protonGroup=4
github-reset: proton=1 protonWalk=0 protonGroup=0
wikipedia-home: proton=0 protonWalk=0 protonGroup=0
mdn-home: proton=0 protonWalk=0 protonGroup=0
duckduckgo-home: proton=0 protonWalk=0 protonGroup=0
python-newsletter: proton=0 protonWalk=0 protonGroup=0
theguardian-home: proton=0 protonWalk=0 protonGroup=0
bitbucket-login: proton=1 protonWalk=1 protonGroup=1
tumblr-login: proton=2 protonWalk=2 protonGroup=2
kaggle-login: proton=2 protonWalk=2 protonGroup=2
codeberg-login: proton=2 protonWalk=2 protonGroup=2
archive-org-login: proton=0 protonWalk=2 protonGroup=2
openstreetmap-login: proton=2 protonWalk=2 protonGroup=2
mastodon-login: proton=2 protonWalk=2 protonGroup=2
lichess-login: proton=2 protonWalk=2 protonGroup=2
codeberg-signup: proton=4 protonWalk=4 protonGroup=4
openstreetmap-signup: proton=3 protonWalk=3 protonGroup=3
lichess-signup: proton=0 protonWalk=0 protonGroup=0
dropbox-register: proton=1 protonWalk=1 protonGroup=1
hackernews-home: proton=0 protonWalk=0 protonGroup=0
lenta-home: proton=0 protonWalk=0 protonGroup=0
openstreetmap-home: proton=0 protonWalk=0 protonGroup=0
archive-org-home: proton=0 protonWalk=0 protonGroup=0
github-search: proton=0 protonWalk=0 protonGroup=0
